<div class="nte-qr-color-palette" role="radiogroup"
aria-label="QR Code Color">
<label class="nte-qr-color-option">
<input type="radio"
name="nte-qr-color"
value="default"
checked>
<span class="nte-qr-color-swatch nte-qr-color-swatch--default"
title="Default">
<span class="dashicons dashicons-admin-settings"></span>
</span>
<span class="screen-reader-text">Default</span>
</label>
<label class="nte-qr-color-option">
<input type="radio"
name="nte-qr-color"
value="cc0000"
checked="checked">
<span class="nte-qr-color-swatch"
style="background-color: #cc0000;"
title="Brand Red"></span>
<span class="screen-reader-text">Brand Red</span>
</label>
<label class="nte-qr-color-option">
<input type="radio"
name="nte-qr-color"
value=""
class="nte-qr-custom-color-radio">
<span class="nte-qr-color-swatch nte-qr-color-swatch--custom"
title="Custom">
<span class="dashicons dashicons-color-picker"></span>
</span>
<span class="screen-reader-text">Custom</span>
<input type="color" value="#000000" class="nte-qr-custom-color-picker"
style="position: absolute; opacity: 0; pointer-events: none;"
aria-hidden="true" tabindex="-1">
</label>
</div>